{
  _type: 'element',
  tags: null,
  links: null,
  _stage: 'layouted',
  sourcePath: 'client-messages-review.c4',
  description: null,
  title: '10x Communications Decision Receipt',
  id: 'client_messages_decision_receipt',
  autoLayout: {
    direction: 'TB',
  },
  hash: 'gPLzl-Jqr63gU-ytCwdXF3fi2Pyh8x-LNhPLStKtxmg',
  bounds: {
    x: -91,
    y: -356,
    width: 2161,
    height: 2114,
  },
  nodes: [
    {
      id: 'sourceAdapters',
      parent: null,
      level: 0,
      children: [
        'sourceAdapters.messagesSql',
        'sourceAdapters.contactCache',
      ],
      inEdges: [],
      outEdges: [
        '1p1grup',
        '15ss23f',
      ],
      title: 'Source Adapters',
      modelRef: 'sourceAdapters',
      shape: 'rectangle',
      color: 'primary',
      style: {
        opacity: 15,
        size: 'md',
      },
      tags: [],
      kind: 'adapter',
      depth: 1,
      x: 238,
      y: -336,
      width: 830,
      height: 281,
      labelBBox: {
        x: 6,
        y: 0,
        width: 115,
        height: 15,
      },
      navigateTo: null,
      links: null,
    },
    {
      id: 'sourceAdapters.messagesSql',
      parent: 'sourceAdapters',
      level: 1,
      children: [],
      inEdges: [],
      outEdges: [
        '1p1grup',
      ],
      title: 'Messages SQL',
      modelRef: 'sourceAdapters.messagesSql',
      shape: 'rectangle',
      color: 'primary',
      style: {
        opacity: 15,
        size: 'md',
      },
      tags: [],
      kind: 'adapter',
      x: 278,
      y: -275,
      width: 320,
      height: 180,
      labelBBox: {
        x: 90,
        y: 76,
        width: 141,
        height: 24,
      },
      navigateTo: null,
      links: null,
    },
    {
      id: 'sourceAdapters.contactCache',
      parent: 'sourceAdapters',
      level: 1,
      children: [],
      inEdges: [],
      outEdges: [
        '15ss23f',
      ],
      title: 'Athlete Contact Cache',
      modelRef: 'sourceAdapters.contactCache',
      shape: 'rectangle',
      color: 'primary',
      style: {
        opacity: 15,
        size: 'md',
      },
      tags: [],
      kind: 'datastore',
      x: 708,
      y: -275,
      width: 320,
      height: 180,
      labelBBox: {
        x: 58,
        y: 76,
        width: 204,
        height: 24,
      },
      navigateTo: null,
      links: null,
    },
    {
      id: 'clientCommunication',
      parent: null,
      level: 0,
      children: [
        'clientCommunication.threadEvidence',
        'clientCommunication.replyClassifier',
        'clientCommunication.actionProposal',
        'clientCommunication.visualPayload',
      ],
      inEdges: [
        '1p1grup',
        '15ss23f',
      ],
      outEdges: [
        '1hhmx71',
        'g5acwd',
        '16hpxqh',
        'y5dql1',
      ],
      title: 'Client Communication',
      modelRef: 'clientCommunication',
      shape: 'rectangle',
      color: 'primary',
      style: {
        opacity: 15,
        size: 'md',
      },
      tags: [],
      kind: 'domain',
      depth: 1,
      x: 204,
      y: 24,
      width: 886,
      height: 1275,
      labelBBox: {
        x: 6,
        y: 0,
        width: 143,
        height: 15,
      },
      navigateTo: null,
      links: null,
    },
    {
      id: 'clientCommunication.threadEvidence',
      parent: 'clientCommunication',
      level: 1,
      children: [],
      inEdges: [
        '1p1grup',
        '15ss23f',
      ],
      outEdges: [
        'ueyie2',
      ],
      title: 'Thread Evidence Receipt',
      modelRef: 'clientCommunication.threadEvidence',
      shape: 'rectangle',
      color: 'primary',
      style: {
        opacity: 15,
        size: 'md',
      },
      tags: [],
      kind: 'domain',
      x: 462,
      y: 84,
      width: 320,
      height: 180,
      labelBBox: {
        x: 46,
        y: 76,
        width: 229,
        height: 24,
      },
      navigateTo: null,
      links: null,
    },
    {
      id: 'clientCommunication.replyClassifier',
      parent: 'clientCommunication',
      level: 1,
      children: [],
      inEdges: [
        'ueyie2',
      ],
      outEdges: [
        '7ywdxx',
      ],
      title: 'Reply Meaning Classifier',
      modelRef: 'clientCommunication.replyClassifier',
      shape: 'rectangle',
      color: 'primary',
      style: {
        opacity: 15,
        size: 'md',
      },
      tags: [],
      kind: 'domain',
      x: 447,
      y: 425,
      width: 320,
      height: 180,
      labelBBox: {
        x: 47,
        y: 76,
        width: 225,
        height: 24,
      },
      navigateTo: null,
      links: null,
    },
    {
      id: 'clientCommunication.actionProposal',
      parent: 'clientCommunication',
      level: 1,
      children: [],
      inEdges: [
        '7ywdxx',
      ],
      outEdges: [
        'eygtnm',
        'g5acwd',
        '16hpxqh',
        'y5dql1',
      ],
      title: 'Action Proposal',
      modelRef: 'clientCommunication.actionProposal',
      shape: 'rectangle',
      color: 'red',
      style: {
        opacity: 15,
        size: 'md',
        border: 'dashed',
      },
      tags: [],
      kind: 'domain',
      x: 728,
      y: 697,
      width: 320,
      height: 180,
      labelBBox: {
        x: 88,
        y: 76,
        width: 144,
        height: 24,
      },
      navigateTo: null,
      links: null,
    },
    {
      id: 'clientCommunication.visualPayload',
      parent: 'clientCommunication',
      level: 1,
      children: [],
      inEdges: [
        'eygtnm',
      ],
      outEdges: [
        '1hhmx71',
      ],
      title: 'Evidence Bundle',
      modelRef: 'clientCommunication.visualPayload',
      shape: 'rectangle',
      color: 'primary',
      style: {
        opacity: 15,
        size: 'md',
      },
      tags: [],
      kind: 'domain',
      x: 246,
      y: 1077,
      width: 320,
      height: 180,
      labelBBox: {
        x: 83,
        y: 76,
        width: 154,
        height: 24,
      },
      navigateTo: null,
      links: null,
    },
    {
      id: 'mutations',
      parent: null,
      level: 0,
      children: [
        'mutations.clientMessageSend',
        'mutations.reminderCreate',
        'mutations.calendarCreate',
      ],
      inEdges: [
        'g5acwd',
        '16hpxqh',
        'y5dql1',
      ],
      outEdges: [],
      title: 'Proposed Mutations',
      modelRef: 'mutations',
      shape: 'rectangle',
      color: 'primary',
      style: {
        opacity: 15,
        size: 'md',
      },
      tags: [],
      kind: 'action',
      depth: 1,
      x: 562,
      y: 1435,
      width: 1488,
      height: 303,
      labelBBox: {
        x: 6,
        y: 0,
        width: 135,
        height: 15,
      },
      navigateTo: null,
      links: null,
    },
    {
      id: 'prospectWeb',
      parent: null,
      level: 0,
      children: [
        'prospectWeb.visualReceipt',
      ],
      inEdges: [
        '1hhmx71',
      ],
      outEdges: [],
      title: 'Prospect Web',
      modelRef: 'prospectWeb',
      shape: 'rectangle',
      color: 'primary',
      style: {
        opacity: 15,
        size: 'md',
      },
      tags: [],
      kind: 'webview',
      depth: 1,
      x: -71,
      y: 1450,
      width: 404,
      height: 282,
      labelBBox: {
        x: 6,
        y: 0,
        width: 93,
        height: 15,
      },
      navigateTo: null,
      links: null,
    },
    {
      id: 'mutations.clientMessageSend',
      parent: 'mutations',
      level: 1,
      children: [],
      inEdges: [
        'g5acwd',
      ],
      outEdges: [],
      title: 'Client Message Send',
      modelRef: 'mutations.clientMessageSend',
      shape: 'rectangle',
      color: 'primary',
      style: {
        opacity: 15,
        size: 'md',
      },
      tags: [],
      kind: 'action',
      x: 604,
      y: 1516,
      width: 320,
      height: 180,
      labelBBox: {
        x: 63,
        y: 76,
        width: 194,
        height: 24,
      },
      navigateTo: null,
      links: null,
    },
    {
      id: 'mutations.reminderCreate',
      parent: 'mutations',
      level: 1,
      children: [],
      inEdges: [
        '16hpxqh',
      ],
      outEdges: [],
      title: 'Apple Reminder',
      modelRef: 'mutations.reminderCreate',
      shape: 'rectangle',
      color: 'primary',
      style: {
        opacity: 15,
        size: 'md',
      },
      tags: [],
      kind: 'action',
      x: 1128,
      y: 1511,
      width: 320,
      height: 180,
      labelBBox: {
        x: 86,
        y: 76,
        width: 147,
        height: 24,
      },
      navigateTo: null,
      links: null,
    },
    {
      id: 'mutations.calendarCreate',
      parent: 'mutations',
      level: 1,
      children: [],
      inEdges: [
        'y5dql1',
      ],
      outEdges: [],
      title: 'Apple Calendar Appt',
      modelRef: 'mutations.calendarCreate',
      shape: 'rectangle',
      color: 'primary',
      style: {
        opacity: 15,
        size: 'md',
      },
      tags: [],
      kind: 'action',
      x: 1688,
      y: 1495,
      width: 320,
      height: 180,
      labelBBox: {
        x: 66,
        y: 76,
        width: 189,
        height: 24,
      },
      navigateTo: null,
      links: null,
    },
    {
      id: 'prospectWeb.visualReceipt',
      parent: 'prospectWeb',
      level: 1,
      children: [],
      inEdges: [
        '1hhmx71',
      ],
      outEdges: [],
      title: '10x Communications Evidence',
      modelRef: 'prospectWeb.visualReceipt',
      shape: 'rectangle',
      color: 'primary',
      style: {
        opacity: 15,
        size: 'md',
      },
      tags: [],
      kind: 'webview',
      x: -29,
      y: 1510,
      width: 320,
      height: 180,
      labelBBox: {
        x: 21,
        y: 76,
        width: 279,
        height: 24,
      },
      navigateTo: null,
      links: null,
    },
  ],
  edges: [
    {
      id: '1p1grup',
      parent: null,
      source: 'sourceAdapters.messagesSql',
      target: 'clientCommunication.threadEvidence',
      label: 'Provides direction, counts, latest \nsender',
      relations: [
        '1g9gh34',
      ],
      color: 'gray',
      line: 'dashed',
      head: 'normal',
      points: [
        [
          229,
          249,
        ],
        [
          240,
          298,
        ],
        [
          254,
          358,
        ],
        [
          266,
          408,
        ],
      ],
      labelBBox: {
        x: 517,
        y: -27,
        width: 206,
        height: 35,
      },
      isLabelCustomized: false,
      controlPoints: [
        {
          x: 523,
          y: -11,
        },
      ],
      navigateTo: null,
      tags: null,
    },
    {
      id: '15ss23f',
      parent: null,
      source: 'sourceAdapters.contactCache',
      target: 'clientCommunication.threadEvidence',
      label: 'Provides athlete/contact context',
      relations: [
        '1b65zqa',
      ],
      color: 'gray',
      line: 'dashed',
      head: 'normal',
      points: [
        [
          572,
          249,
        ],
        [
          547,
          282,
        ],
        [
          516,
          318,
        ],
        [
          485,
          349,
        ],
        [
          464,
          370,
        ],
        [
          439,
          392,
        ],
        [
          416,
          411,
        ],
      ],
      labelBBox: {
        x: 775,
        y: -22,
        width: 202,
        height: 18,
      },
      isLabelCustomized: false,
      controlPoints: [
        {
          x: 781,
          y: -40,
        },
        {
          x: 727,
          y: 36,
        },
      ],
      navigateTo: null,
      tags: null,
    },
    {
      id: 'ueyie2',
      parent: 'clientCommunication',
      source: 'clientCommunication.threadEvidence',
      target: 'clientCommunication.replyClassifier',
      label: 'Supplies evidence',
      relations: [
        '1cl4cqq',
      ],
      color: 'gray',
      line: 'dashed',
      head: 'normal',
      points: [
        [
          1202,
          235,
        ],
        [
          1202,
          276,
        ],
        [
          1202,
          325,
        ],
        [
          1202,
          368,
        ],
      ],
      labelBBox: {
        x: 614,
        y: 331,
        width: 118,
        height: 18,
      },
      isLabelCustomized: false,
      controlPoints: [
        {
          x: 614,
          y: 336,
        },
      ],
      navigateTo: null,
      tags: null,
    },
    {
      id: '7ywdxx',
      parent: 'clientCommunication',
      source: 'clientCommunication.replyClassifier',
      target: 'clientCommunication.actionProposal',
      label: 'Determines operator action',
      relations: [
        '168v2jy',
      ],
      color: 'gray',
      line: 'dashed',
      head: 'normal',
      points: [
        [
          1202,
          558,
        ],
        [
          1202,
          599,
        ],
        [
          1202,
          648,
        ],
        [
          1202,
          690,
        ],
      ],
      labelBBox: {
        x: 731,
        y: 635,
        width: 173,
        height: 18,
      },
      isLabelCustomized: false,
      controlPoints: [
        {
          x: 735,
          y: 641,
        },
      ],
      navigateTo: null,
      tags: null,
    },
    {
      id: 'eygtnm',
      parent: 'clientCommunication',
      source: 'clientCommunication.actionProposal',
      target: 'clientCommunication.visualPayload',
      label: 'Combines proposal and evidence receipts',
      relations: [
        'vrqmm0',
      ],
      color: 'gray',
      line: 'dashed',
      head: 'normal',
      points: [
        [
          1202,
          880,
        ],
        [
          1202,
          924,
        ],
        [
          1202,
          977,
        ],
        [
          1202,
          1022,
        ],
      ],
      labelBBox: {
        x: 665,
        y: 956,
        width: 265,
        height: 18,
      },
      isLabelCustomized: false,
      controlPoints: [
        {
          x: 653,
          y: 963,
        },
      ],
      navigateTo: null,
      tags: null,
    },
    {
      id: '1hhmx71',
      parent: null,
      source: 'clientCommunication.visualPayload',
      target: 'prospectWeb.visualReceipt',
      label: 'Opens encoded browser view',
      relations: [
        '1itd9xs',
      ],
      color: 'gray',
      line: 'dashed',
      head: 'normal',
      points: [
        [
          289,
          1575,
        ],
        [
          289,
          1617,
        ],
        [
          289,
          1667,
        ],
        [
          289,
          1709,
        ],
      ],
      labelBBox: {
        x: 277,
        y: 1364,
        width: 188,
        height: 18,
      },
      isLabelCustomized: false,
      controlPoints: [
        {
          x: 272,
          y: 1369,
        },
      ],
      navigateTo: null,
      tags: null,
    },
    {
      id: 'g5acwd',
      parent: null,
      source: 'clientCommunication.actionProposal',
      target: 'mutations.clientMessageSend',
      label: 'Proposes when approval required',
      relations: [
        '7bnxma',
      ],
      color: 'gray',
      line: 'dashed',
      head: 'normal',
      points: [
        [
          449,
          1229,
        ],
        [
          493,
          1251,
        ],
        [
          541,
          1277,
        ],
        [
          583,
          1304,
        ],
        [
          602,
          1316,
        ],
        [
          605,
          1320,
        ],
        [
          623,
          1334,
        ],
        [
          645,
          1352,
        ],
        [
          668,
          1371,
        ],
        [
          690,
          1389,
        ],
      ],
      labelBBox: {
        x: 839,
        y: 1180,
        width: 213,
        height: 18,
      },
      isLabelCustomized: false,
      controlPoints: [
        {
          x: 851,
          y: 1072,
        },
        {
          x: 832,
          y: 1213,
        },
        {
          x: 814,
          y: 1308,
        },
      ],
      navigateTo: null,
      tags: null,
    },
    {
      id: '16hpxqh',
      parent: null,
      source: 'clientCommunication.actionProposal',
      target: 'mutations.reminderCreate',
      label: 'Proposes follow-up reminder',
      relations: [
        'xia74n',
      ],
      color: 'gray',
      line: 'dashed',
      head: 'normal',
      points: [
        [
          449,
          1177,
        ],
        [
          600,
          1201,
        ],
        [
          833,
          1250,
        ],
        [
          1019,
          1334,
        ],
        [
          1052,
          1349,
        ],
        [
          1085,
          1369,
        ],
        [
          1115,
          1390,
        ],
      ],
      labelBBox: {
        x: 1206,
        y: 1262,
        width: 182,
        height: 18,
      },
      isLabelCustomized: false,
      controlPoints: [
        {
          x: 1078,
          y: 1057,
        },
        {
          x: 1223,
          y: 1359,
        },
      ],
      navigateTo: null,
      tags: null,
    },
    {
      id: 'y5dql1',
      parent: null,
      source: 'clientCommunication.actionProposal',
      target: 'mutations.calendarCreate',
      label: 'Proposes calendar preflight',
      relations: [
        '17ubf0k',
      ],
      color: 'gray',
      line: 'dashed',
      head: 'normal',
      points: [
        [
          449,
          1157,
        ],
        [
          678,
          1165,
        ],
        [
          1110,
          1198,
        ],
        [
          1449,
          1334,
        ],
        [
          1483,
          1348,
        ],
        [
          1518,
          1369,
        ],
        [
          1549,
          1390,
        ],
      ],
      labelBBox: {
        x: 1466,
        y: 1133,
        width: 174,
        height: 18,
      },
      isLabelCustomized: false,
      controlPoints: [
        {
          x: 1080,
          y: 898,
        },
        {
          x: 1317,
          y: 1016,
        },
        {
          x: 1408,
          y: 1085,
        },
        {
          x: 1730,
          y: 1384,
        },
      ],
      navigateTo: null,
      tags: null,
    },
  ],
  _layout: 'manual',
}
